lazy val seqKey = taskKey[Seq[File]]("Target to be reassigned.")
lazy val seed = taskKey[Seq[File]]("Seed.")

seqKey := Seq.empty
seed in ThisBuild := List(new File("."))

seqKey ++= seed.value

seqKey ++= (seed).value

seqKey ++= (seed in ThisBuild).value

seqKey ++= Def.task(seed.value).value

seqKey ++= (Def.task {
  println("Executing task.")
  (seed).value
}).value
