val sett1 = settingKey[String]("SettingKey 1")
val sett2 = settingKey[String]("SettingKey 2")
val sett3 = settingKey[String]("SettingKey 3")

val task1 = taskKey[String]("TaskKey 1")
val task2 = taskKey[String]("TaskKey 2")
val task3 = taskKey[String]("TaskKey 3")
val task4 = taskKey[String]("TaskKey 4")

sett1 := "s1"
sett2 := "s2"
sett3 := sett1.value + sett2.value

task1 := { println("t1"); "t1" }
task2 := { println("t2"); "t2" }
task3 := { println(task1.value + task2.value); task1.value + task2.value }
task4 := { println(sett1.value + sett2.value); sett1.value + sett2.value }